src/components/global-trade-status.tsx(139,33): error TS2322: Type 'string | Date' is not assignable to type 'Date | undefined'.
  Type 'string' is not assignable to type 'Date'.
src/components/trading-options-new.tsx(120,7): error TS2322: Type 'number' is not assignable to type 'string'.
src/pages/admin-dashboard-page.tsx(72,16): error TS2339: Property 'lastLogin' does not exist on type '{ id: number; username: string; email: string; password: string; fullName: string | null; displayName: string | null; phoneNumber: string | null; avatarUrl: string | null; role: string; balance: string; createdAt: Date; updatedAt: Date; } | { ...; }'.
  Property 'lastLogin' does not exist on type '{ id: number; username: string; email: string; password: string; fullName: string | null; displayName: string | null; phoneNumber: string | null; avatarUrl: string | null; role: string; balance: string; createdAt: Date; updatedAt: Date; }'.
src/pages/admin-page.tsx(68,14): error TS18047: 'user.fullName' is possibly 'null'.
src/pages/admin-settings-page.tsx(122,32): error TS2339: Property 'allow_trading' does not exist on type '{}'.
src/pages/admin-settings-page.tsx(123,38): error TS2339: Property 'allow_registrations' does not exist on type '{}'.
src/pages/admin-settings-page.tsx(124,35): error TS2339: Property 'maintenance_mode' does not exist on type '{}'.
src/pages/admin-settings-page.tsx(125,49): error TS2339: Property 'trade_fee_percentage' does not exist on type '{}'.
src/pages/admin-settings-page.tsx(126,54): error TS2339: Property 'withdrawal_fee_percentage' does not exist on type '{}'.
src/pages/admin-settings-page.tsx(127,45): error TS2339: Property 'min_deposit_amount' does not exist on type '{}'.
src/pages/admin-settings-page.tsx(128,48): error TS2339: Property 'min_withdrawal_amount' does not exist on type '{}'.
src/pages/admin-trades-page.tsx(274,50): error TS2345: Argument of type 'string | Date' is not assignable to parameter of type 'Date | null'.
  Type 'string' is not assignable to type 'Date'.
src/pages/admin-transactions-page.tsx(72,7): error TS18047: 'user.fullName' is possibly 'null'.
src/pages/admin-transactions-page.tsx(574,50): error TS2345: Argument of type 'string | null' is not assignable to parameter of type 'string | URL | undefined'.
  Type 'null' is not assignable to type 'string | URL | undefined'.
src/pages/admin-users-page.tsx(377,43): error TS2322: Type 'string | null' is not assignable to type 'string | number | readonly string[] | undefined'.
  Type 'null' is not assignable to type 'string | number | readonly string[] | undefined'.
../server/auth.ts(12,28): error TS2312: An interface can only extend an object type or intersection of object types with statically known members.
../server/crypto-api.ts(46,5): error TS2739: Type '{ id: any; symbol: any; name: any; image: any; current_price: any; price_change_percentage_24h: any; sparkline_in_7d: { price: any; }; }' is missing the following properties from type 'CryptoCurrency': market_cap, market_cap_rank, total_volume, high_24h, low_24h
../server/file-storage.ts(43,14): error TS2420: Class 'FileStorage' incorrectly implements interface 'IStorage'.
  Property 'getActiveTrades' is missing in type 'FileStorage' but required in type 'IStorage'.
../server/file-storage.ts(138,5): error TS2322: Type '{ updatedAt: Date; id: number; username: string; email: string; password: string; fullName: string | null; displayName: string | null; phoneNumber: string | null; avatarUrl: string | null; role: string; balance: string; createdAt: Date; } | { ...; } | { ...; } | { ...; }' is not assignable to type '{ id: number; username: string; email: string; password: string; fullName: string | null; displayName: string | null; phoneNumber: string | null; avatarUrl: string | null; role: string; balance: string; createdAt: Date; updatedAt: Date; } | { ...; }'.
  Type '{ updatedAt: Date; id: number; username: string; email: string; password: string; fullName: string | null; displayName: string | null; phoneNumber: string | null; avatarUrl: string | null; role: string; balance: string; createdAt: string | Date; }' is not assignable to type '{ id: number; username: string; email: string; password: string; fullName: string | null; displayName: string | null; phoneNumber: string | null; avatarUrl: string | null; role: string; balance: string; createdAt: Date; updatedAt: Date; } | { ...; }'.
    Type '{ updatedAt: Date; id: number; username: string; email: string; password: string; fullName: string | null; displayName: string | null; phoneNumber: string | null; avatarUrl: string | null; role: string; balance: string; createdAt: string | Date; }' is not assignable to type '{ id: number; username: string; email: string; password: string; fullName: string | null; displayName: string | null; phoneNumber: string | null; avatarUrl: string | null; role: string; balance: string; createdAt: string; updatedAt: string; }'.
      Types of property 'createdAt' are incompatible.
        Type 'string | Date' is not assignable to type 'string'.
          Type 'Date' is not assignable to type 'string'.
../server/file-storage.ts(140,5): error TS2322: Type '{ updatedAt: Date; id: number; username: string; email: string; password: string; fullName: string | null; displayName: string | null; phoneNumber: string | null; avatarUrl: string | null; role: string; balance: string; createdAt: Date; } | { ...; } | { ...; } | { ...; }' is not assignable to type '{ id: number; username: string; email: string; password: string; fullName: string | null; displayName: string | null; phoneNumber: string | null; avatarUrl: string | null; role: string; balance: string; createdAt: Date; updatedAt: Date; } | { ...; } | undefined'.
  Type '{ updatedAt: Date; id: number; username: string; email: string; password: string; fullName: string | null; displayName: string | null; phoneNumber: string | null; avatarUrl: string | null; role: string; balance: string; createdAt: string | Date; }' is not assignable to type '{ id: number; username: string; email: string; password: string; fullName: string | null; displayName: string | null; phoneNumber: string | null; avatarUrl: string | null; role: string; balance: string; createdAt: Date; updatedAt: Date; } | { ...; } | undefined'.
    Type '{ updatedAt: Date; id: number; username: string; email: string; password: string; fullName: string | null; displayName: string | null; phoneNumber: string | null; avatarUrl: string | null; role: string; balance: string; createdAt: string | Date; }' is not assignable to type '{ id: number; username: string; email: string; password: string; fullName: string | null; displayName: string | null; phoneNumber: string | null; avatarUrl: string | null; role: string; balance: string; createdAt: string; updatedAt: string; }'.
      Types of property 'createdAt' are incompatible.
        Type 'string | Date' is not assignable to type 'string'.
          Type 'Date' is not assignable to type 'string'.
../server/file-storage.ts(152,5): error TS2322: Type '{ password: string; updatedAt: Date; id: number; username: string; email: string; fullName: string | null; displayName: string | null; phoneNumber: string | null; avatarUrl: string | null; role: string; balance: string; createdAt: Date; } | { ...; }' is not assignable to type '{ id: number; username: string; email: string; password: string; fullName: string | null; displayName: string | null; phoneNumber: string | null; avatarUrl: string | null; role: string; balance: string; createdAt: Date; updatedAt: Date; } | { ...; }'.
  Type '{ password: string; updatedAt: Date; id: number; username: string; email: string; fullName: string | null; displayName: string | null; phoneNumber: string | null; avatarUrl: string | null; role: string; balance: string; createdAt: string; }' is not assignable to type '{ id: number; username: string; email: string; password: string; fullName: string | null; displayName: string | null; phoneNumber: string | null; avatarUrl: string | null; role: string; balance: string; createdAt: Date; updatedAt: Date; } | { ...; }'.
    Type '{ password: string; updatedAt: Date; id: number; username: string; email: string; fullName: string | null; displayName: string | null; phoneNumber: string | null; avatarUrl: string | null; role: string; balance: string; createdAt: string; }' is not assignable to type '{ id: number; username: string; email: string; password: string; fullName: string | null; displayName: string | null; phoneNumber: string | null; avatarUrl: string | null; role: string; balance: string; createdAt: string; updatedAt: string; }'.
      Types of property 'updatedAt' are incompatible.
        Type 'Date' is not assignable to type 'string'.
../server/file-storage.ts(154,5): error TS2322: Type '{ password: string; updatedAt: Date; id: number; username: string; email: string; fullName: string | null; displayName: string | null; phoneNumber: string | null; avatarUrl: string | null; role: string; balance: string; createdAt: Date; } | { ...; }' is not assignable to type '{ id: number; username: string; email: string; password: string; fullName: string | null; displayName: string | null; phoneNumber: string | null; avatarUrl: string | null; role: string; balance: string; createdAt: Date; updatedAt: Date; } | { ...; } | undefined'.
  Type '{ password: string; updatedAt: Date; id: number; username: string; email: string; fullName: string | null; displayName: string | null; phoneNumber: string | null; avatarUrl: string | null; role: string; balance: string; createdAt: string; }' is not assignable to type '{ id: number; username: string; email: string; password: string; fullName: string | null; displayName: string | null; phoneNumber: string | null; avatarUrl: string | null; role: string; balance: string; createdAt: Date; updatedAt: Date; } | { ...; } | undefined'.
    Type '{ password: string; updatedAt: Date; id: number; username: string; email: string; fullName: string | null; displayName: string | null; phoneNumber: string | null; avatarUrl: string | null; role: string; balance: string; createdAt: string; }' is not assignable to type '{ id: number; username: string; email: string; password: string; fullName: string | null; displayName: string | null; phoneNumber: string | null; avatarUrl: string | null; role: string; balance: string; createdAt: string; updatedAt: string; }'.
      Types of property 'updatedAt' are incompatible.
        Type 'Date' is not assignable to type 'string'.
../server/file-storage.ts(166,5): error TS2322: Type '{ updatedAt: Date; id: number; username: string; email: string; password: string; fullName: string | null; displayName: string | null; phoneNumber: string | null; avatarUrl: string | null; role: string; balance: string; createdAt: Date; } | { ...; } | { ...; } | { ...; }' is not assignable to type '{ id: number; username: string; email: string; password: string; fullName: string | null; displayName: string | null; phoneNumber: string | null; avatarUrl: string | null; role: string; balance: string; createdAt: Date; updatedAt: Date; } | { ...; }'.
  Type '{ updatedAt: Date; id: number; username: string; email: string; password: string; fullName: string | null; displayName: string | null; phoneNumber: string | null; avatarUrl: string | null; role: string; balance: string; createdAt: string | Date; }' is not assignable to type '{ id: number; username: string; email: string; password: string; fullName: string | null; displayName: string | null; phoneNumber: string | null; avatarUrl: string | null; role: string; balance: string; createdAt: Date; updatedAt: Date; } | { ...; }'.
    Type '{ updatedAt: Date; id: number; username: string; email: string; password: string; fullName: string | null; displayName: string | null; phoneNumber: string | null; avatarUrl: string | null; role: string; balance: string; createdAt: string | Date; }' is not assignable to type '{ id: number; username: string; email: string; password: string; fullName: string | null; displayName: string | null; phoneNumber: string | null; avatarUrl: string | null; role: string; balance: string; createdAt: string; updatedAt: string; }'.
      Types of property 'createdAt' are incompatible.
        Type 'string | Date' is not assignable to type 'string'.
          Type 'Date' is not assignable to type 'string'.
../server/file-storage.ts(168,5): error TS2322: Type '{ updatedAt: Date; id: number; username: string; email: string; password: string; fullName: string | null; displayName: string | null; phoneNumber: string | null; avatarUrl: string | null; role: string; balance: string; createdAt: Date; } | { ...; } | { ...; } | { ...; }' is not assignable to type '{ id: number; username: string; email: string; password: string; fullName: string | null; displayName: string | null; phoneNumber: string | null; avatarUrl: string | null; role: string; balance: string; createdAt: Date; updatedAt: Date; } | { ...; } | undefined'.
  Type '{ updatedAt: Date; id: number; username: string; email: string; password: string; fullName: string | null; displayName: string | null; phoneNumber: string | null; avatarUrl: string | null; role: string; balance: string; createdAt: string | Date; }' is not assignable to type '{ id: number; username: string; email: string; password: string; fullName: string | null; displayName: string | null; phoneNumber: string | null; avatarUrl: string | null; role: string; balance: string; createdAt: Date; updatedAt: Date; } | { ...; } | undefined'.
    Type '{ updatedAt: Date; id: number; username: string; email: string; password: string; fullName: string | null; displayName: string | null; phoneNumber: string | null; avatarUrl: string | null; role: string; balance: string; createdAt: string | Date; }' is not assignable to type '{ id: number; username: string; email: string; password: string; fullName: string | null; displayName: string | null; phoneNumber: string | null; avatarUrl: string | null; role: string; balance: string; createdAt: string; updatedAt: string; }'.
      Types of property 'createdAt' are incompatible.
        Type 'string | Date' is not assignable to type 'string'.
          Type 'Date' is not assignable to type 'string'.
../server/file-storage.ts(186,5): error TS2322: Type '{ balance: string; updatedAt: Date; id: number; username: string; email: string; password: string; fullName: string | null; displayName: string | null; phoneNumber: string | null; avatarUrl: string | null; role: string; createdAt: Date; } | { ...; }' is not assignable to type '{ id: number; username: string; email: string; password: string; fullName: string | null; displayName: string | null; phoneNumber: string | null; avatarUrl: string | null; role: string; balance: string; createdAt: Date; updatedAt: Date; } | { ...; }'.
  Type '{ balance: string; updatedAt: Date; id: number; username: string; email: string; password: string; fullName: string | null; displayName: string | null; phoneNumber: string | null; avatarUrl: string | null; role: string; createdAt: string; }' is not assignable to type '{ id: number; username: string; email: string; password: string; fullName: string | null; displayName: string | null; phoneNumber: string | null; avatarUrl: string | null; role: string; balance: string; createdAt: Date; updatedAt: Date; } | { ...; }'.
    Type '{ balance: string; updatedAt: Date; id: number; username: string; email: string; password: string; fullName: string | null; displayName: string | null; phoneNumber: string | null; avatarUrl: string | null; role: string; createdAt: string; }' is not assignable to type '{ id: number; username: string; email: string; password: string; fullName: string | null; displayName: string | null; phoneNumber: string | null; avatarUrl: string | null; role: string; balance: string; createdAt: string; updatedAt: string; }'.
      Types of property 'updatedAt' are incompatible.
        Type 'Date' is not assignable to type 'string'.
../server/file-storage.ts(188,5): error TS2322: Type '{ balance: string; updatedAt: Date; id: number; username: string; email: string; password: string; fullName: string | null; displayName: string | null; phoneNumber: string | null; avatarUrl: string | null; role: string; createdAt: Date; } | { ...; }' is not assignable to type '{ id: number; username: string; email: string; password: string; fullName: string | null; displayName: string | null; phoneNumber: string | null; avatarUrl: string | null; role: string; balance: string; createdAt: Date; updatedAt: Date; } | { ...; } | undefined'.
  Type '{ balance: string; updatedAt: Date; id: number; username: string; email: string; password: string; fullName: string | null; displayName: string | null; phoneNumber: string | null; avatarUrl: string | null; role: string; createdAt: string; }' is not assignable to type '{ id: number; username: string; email: string; password: string; fullName: string | null; displayName: string | null; phoneNumber: string | null; avatarUrl: string | null; role: string; balance: string; createdAt: Date; updatedAt: Date; } | { ...; } | undefined'.
    Type '{ balance: string; updatedAt: Date; id: number; username: string; email: string; password: string; fullName: string | null; displayName: string | null; phoneNumber: string | null; avatarUrl: string | null; role: string; createdAt: string; }' is not assignable to type '{ id: number; username: string; email: string; password: string; fullName: string | null; displayName: string | null; phoneNumber: string | null; avatarUrl: string | null; role: string; balance: string; createdAt: string; updatedAt: string; }'.
      Types of property 'updatedAt' are incompatible.
        Type 'Date' is not assignable to type 'string'.
../server/file-storage.ts(227,5): error TS2322: Type '{ isDefault: boolean; updatedAt: Date; accountNumber: string; accountName: string; id: number; createdAt: Date; userId: number; bankName: string; } | { isDefault: boolean; updatedAt: Date; ... 5 more ...; bankName: string; }' is not assignable to type '{ accountNumber: string; accountName: string; id: number; createdAt: Date; updatedAt: Date; userId: number; bankName: string; isDefault: boolean; } | { accountNumber: string; accountName: string; ... 5 more ...; isDefault: boolean; }'.
  Type '{ isDefault: boolean; updatedAt: Date; accountNumber: string; accountName: string; id: number; createdAt: string; userId: number; bankName: string; }' is not assignable to type '{ accountNumber: string; accountName: string; id: number; createdAt: Date; updatedAt: Date; userId: number; bankName: string; isDefault: boolean; } | { accountNumber: string; accountName: string; ... 5 more ...; isDefault: boolean; }'.
    Type '{ isDefault: boolean; updatedAt: Date; accountNumber: string; accountName: string; id: number; createdAt: string; userId: number; bankName: string; }' is not assignable to type '{ accountNumber: string; accountName: string; id: number; createdAt: string; updatedAt: string; userId: number; bankName: string; isDefault: boolean; }'.
      Types of property 'updatedAt' are incompatible.
        Type 'Date' is not assignable to type 'string'.
../server/file-storage.ts(229,5): error TS2322: Type '{ isDefault: boolean; updatedAt: Date; accountNumber: string; accountName: string; id: number; createdAt: Date; userId: number; bankName: string; } | { isDefault: boolean; updatedAt: Date; ... 5 more ...; bankName: string; }' is not assignable to type '{ accountNumber: string; accountName: string; id: number; createdAt: Date; updatedAt: Date; userId: number; bankName: string; isDefault: boolean; } | { accountNumber: string; accountName: string; ... 5 more ...; isDefault: boolean; } | undefined'.
  Type '{ isDefault: boolean; updatedAt: Date; accountNumber: string; accountName: string; id: number; createdAt: string; userId: number; bankName: string; }' is not assignable to type '{ accountNumber: string; accountName: string; id: number; createdAt: Date; updatedAt: Date; userId: number; bankName: string; isDefault: boolean; } | { accountNumber: string; accountName: string; ... 5 more ...; isDefault: boolean; } | undefined'.
    Type '{ isDefault: boolean; updatedAt: Date; accountNumber: string; accountName: string; id: number; createdAt: string; userId: number; bankName: string; }' is not assignable to type '{ accountNumber: string; accountName: string; id: number; createdAt: string; updatedAt: string; userId: number; bankName: string; isDefault: boolean; }'.
      Types of property 'updatedAt' are incompatible.
        Type 'Date' is not assignable to type 'string'.
../server/file-storage.ts(241,5): error TS2322: Type '{ updatedAt: Date; accountNumber: string; accountName: string; id: number; createdAt: Date; userId: number; bankName: string; isDefault: boolean; } | { updatedAt: Date; accountNumber: string; ... 5 more ...; isDefault: boolean; } | { ...; } | { ...; }' is not assignable to type '{ accountNumber: string; accountName: string; id: number; createdAt: Date; updatedAt: Date; userId: number; bankName: string; isDefault: boolean; } | { accountNumber: string; accountName: string; ... 5 more ...; isDefault: boolean; }'.
  Type '{ updatedAt: Date; accountNumber: string; accountName: string; id: number; createdAt: string | Date; userId: number; bankName: string; isDefault: boolean; }' is not assignable to type '{ accountNumber: string; accountName: string; id: number; createdAt: Date; updatedAt: Date; userId: number; bankName: string; isDefault: boolean; } | { accountNumber: string; accountName: string; ... 5 more ...; isDefault: boolean; }'.
    Type '{ updatedAt: Date; accountNumber: string; accountName: string; id: number; createdAt: string | Date; userId: number; bankName: string; isDefault: boolean; }' is not assignable to type '{ accountNumber: string; accountName: string; id: number; createdAt: string; updatedAt: string; userId: number; bankName: string; isDefault: boolean; }'.
      Types of property 'createdAt' are incompatible.
        Type 'string | Date' is not assignable to type 'string'.
          Type 'Date' is not assignable to type 'string'.
../server/file-storage.ts(243,5): error TS2322: Type '{ updatedAt: Date; accountNumber: string; accountName: string; id: number; createdAt: Date; userId: number; bankName: string; isDefault: boolean; } | { updatedAt: Date; accountNumber: string; ... 5 more ...; isDefault: boolean; } | { ...; } | { ...; }' is not assignable to type '{ accountNumber: string; accountName: string; id: number; createdAt: Date; updatedAt: Date; userId: number; bankName: string; isDefault: boolean; } | { accountNumber: string; accountName: string; ... 5 more ...; isDefault: boolean; } | undefined'.
  Type '{ updatedAt: Date; accountNumber: string; accountName: string; id: number; createdAt: string | Date; userId: number; bankName: string; isDefault: boolean; }' is not assignable to type '{ accountNumber: string; accountName: string; id: number; createdAt: Date; updatedAt: Date; userId: number; bankName: string; isDefault: boolean; } | { accountNumber: string; accountName: string; ... 5 more ...; isDefault: boolean; } | undefined'.
    Type '{ updatedAt: Date; accountNumber: string; accountName: string; id: number; createdAt: string | Date; userId: number; bankName: string; isDefault: boolean; }' is not assignable to type '{ accountNumber: string; accountName: string; id: number; createdAt: string; updatedAt: string; userId: number; bankName: string; isDefault: boolean; }'.
      Types of property 'createdAt' are incompatible.
        Type 'string | Date' is not assignable to type 'string'.
          Type 'Date' is not assignable to type 'string'.
../server/file-storage.ts(313,11): error TS2322: Type '{ status: string; closedAt: string | Date | null; id: number; createdAt: Date; userId: number; direction: string; result: string | null; duration: number; cryptoId: string; entryPrice: string; amount: string; predeterminedResult: string | null; profitPercentage: string; endTime: Date | null; } | { ...; }' is not assignable to type '{ status: string; id: number; createdAt: Date; userId: number; direction: string; result: string | null; duration: number; cryptoId: string; entryPrice: string; amount: string; predeterminedResult: string | null; profitPercentage: string; closedAt: Date | null; endTime: Date | null; } | { ...; }'.
  Type '{ status: string; closedAt: string | Date | null; id: number; createdAt: Date; userId: number; direction: string; result: string | null; duration: number; cryptoId: string; entryPrice: string; amount: string; predeterminedResult: string | null; profitPercentage: string; endTime: Date | null; }' is not assignable to type '{ status: string; id: number; createdAt: Date; userId: number; direction: string; result: string | null; duration: number; cryptoId: string; entryPrice: string; amount: string; predeterminedResult: string | null; profitPercentage: string; closedAt: Date | null; endTime: Date | null; } | { ...; }'.
    Type '{ status: string; closedAt: string | Date | null; id: number; createdAt: Date; userId: number; direction: string; result: string | null; duration: number; cryptoId: string; entryPrice: string; amount: string; predeterminedResult: string | null; profitPercentage: string; endTime: Date | null; }' is not assignable to type '{ status: string; id: number; createdAt: string; userId: number; direction: string; result: string | null; duration: number; cryptoId: string; entryPrice: string; amount: string; predeterminedResult: string | null; profitPercentage: string; closedAt: string | null; endTime: string | null; }'.
      Types of property 'createdAt' are incompatible.
        Type 'Date' is not assignable to type 'string'.
../server/file-storage.ts(396,11): error TS2322: Type '{ status: string; updatedAt: Date; type: string; id: number; createdAt: Date; method: string | null; userId: number; note: string | null; bankName: string | null; amount: string; bankAccount: string | null; paymentProof: string | null; } | { ...; }' is not assignable to type '{ type: string; status: string; id: number; createdAt: Date; updatedAt: Date; method: string | null; userId: number; note: string | null; bankName: string | null; amount: string; bankAccount: string | null; paymentProof: string | null; } | { ...; }'.
  Type '{ status: string; updatedAt: Date; type: string; id: number; createdAt: string; method: string | null; userId: number; note: string | null; bankName: string | null; amount: string; bankAccount: string | null; paymentProof: string | null; }' is not assignable to type '{ type: string; status: string; id: number; createdAt: Date; updatedAt: Date; method: string | null; userId: number; note: string | null; bankName: string | null; amount: string; bankAccount: string | null; paymentProof: string | null; } | { ...; }'.
    Type '{ status: string; updatedAt: Date; type: string; id: number; createdAt: string; method: string | null; userId: number; note: string | null; bankName: string | null; amount: string; bankAccount: string | null; paymentProof: string | null; }' is not assignable to type '{ type: string; status: string; id: number; createdAt: string; updatedAt: string; method: string | null; userId: number; note: string | null; bankName: string | null; amount: string; bankAccount: string | null; paymentProof: string | null; }'.
      Types of property 'updatedAt' are incompatible.
        Type 'Date' is not assignable to type 'string'.
../server/memory-storage.ts(54,11): error TS2322: Type '{ createdAt: Date; updatedAt: Date; username: string; email: string; password: string; role: "user" | "admin" | "agent"; balance: string; fullName?: string | undefined; id: number; }' is not assignable to type '{ id: number; username: string; email: string; password: string; fullName: string | null; displayName: string | null; phoneNumber: string | null; avatarUrl: string | null; role: string; balance: string; createdAt: Date; updatedAt: Date; } | { ...; }'.
  Type '{ createdAt: Date; updatedAt: Date; username: string; email: string; password: string; role: "user" | "admin" | "agent"; balance: string; fullName?: string | undefined; id: number; }' is missing the following properties from type '{ id: number; username: string; email: string; password: string; fullName: string | null; displayName: string | null; phoneNumber: string | null; avatarUrl: string | null; role: string; balance: string; createdAt: string; updatedAt: string; }': displayName, phoneNumber, avatarUrl
../server/memory-storage.ts(72,5): error TS2322: Type '{ updatedAt: string; id: number; username: string; email: string; password: string; fullName: string | null; displayName: string | null; phoneNumber: string | null; avatarUrl: string | null; role: string; balance: string; createdAt: Date; } | { ...; } | { ...; } | { ...; }' is not assignable to type '{ id: number; username: string; email: string; password: string; fullName: string | null; displayName: string | null; phoneNumber: string | null; avatarUrl: string | null; role: string; balance: string; createdAt: Date; updatedAt: Date; } | { ...; }'.
  Type '{ updatedAt: string; id: number; username: string; email: string; password: string; fullName: string | null; displayName: string | null; phoneNumber: string | null; avatarUrl: string | null; role: string; balance: string; createdAt: Date; }' is not assignable to type '{ id: number; username: string; email: string; password: string; fullName: string | null; displayName: string | null; phoneNumber: string | null; avatarUrl: string | null; role: string; balance: string; createdAt: Date; updatedAt: Date; } | { ...; }'.
    Type '{ updatedAt: string; id: number; username: string; email: string; password: string; fullName: string | null; displayName: string | null; phoneNumber: string | null; avatarUrl: string | null; role: string; balance: string; createdAt: Date; }' is not assignable to type '{ id: number; username: string; email: string; password: string; fullName: string | null; displayName: string | null; phoneNumber: string | null; avatarUrl: string | null; role: string; balance: string; createdAt: string; updatedAt: string; }'.
      Types of property 'createdAt' are incompatible.
        Type 'Date' is not assignable to type 'string'.
../server/memory-storage.ts(85,5): error TS2322: Type '{ password: string; updatedAt: string; id: number; username: string; email: string; fullName: string | null; displayName: string | null; phoneNumber: string | null; avatarUrl: string | null; role: string; balance: string; createdAt: Date; } | { ...; }' is not assignable to type '{ id: number; username: string; email: string; password: string; fullName: string | null; displayName: string | null; phoneNumber: string | null; avatarUrl: string | null; role: string; balance: string; createdAt: Date; updatedAt: Date; } | { ...; }'.
  Type '{ password: string; updatedAt: string; id: number; username: string; email: string; fullName: string | null; displayName: string | null; phoneNumber: string | null; avatarUrl: string | null; role: string; balance: string; createdAt: Date; }' is not assignable to type '{ id: number; username: string; email: string; password: string; fullName: string | null; displayName: string | null; phoneNumber: string | null; avatarUrl: string | null; role: string; balance: string; createdAt: Date; updatedAt: Date; } | { ...; }'.
    Type '{ password: string; updatedAt: string; id: number; username: string; email: string; fullName: string | null; displayName: string | null; phoneNumber: string | null; avatarUrl: string | null; role: string; balance: string; createdAt: Date; }' is not assignable to type '{ id: number; username: string; email: string; password: string; fullName: string | null; displayName: string | null; phoneNumber: string | null; avatarUrl: string | null; role: string; balance: string; createdAt: string; updatedAt: string; }'.
      Types of property 'createdAt' are incompatible.
        Type 'Date' is not assignable to type 'string'.
../server/memory-storage.ts(98,5): error TS2322: Type '{ updatedAt: string; id: number; username: string; email: string; password: string; fullName: string | null; displayName: string | null; phoneNumber: string | null; avatarUrl: string | null; role: string; balance: string; createdAt: Date; } | { ...; } | { ...; } | { ...; }' is not assignable to type '{ id: number; username: string; email: string; password: string; fullName: string | null; displayName: string | null; phoneNumber: string | null; avatarUrl: string | null; role: string; balance: string; createdAt: Date; updatedAt: Date; } | { ...; }'.
  Type '{ updatedAt: string; id: number; username: string; email: string; password: string; fullName: string | null; displayName: string | null; phoneNumber: string | null; avatarUrl: string | null; role: string; balance: string; createdAt: Date; }' is not assignable to type '{ id: number; username: string; email: string; password: string; fullName: string | null; displayName: string | null; phoneNumber: string | null; avatarUrl: string | null; role: string; balance: string; createdAt: Date; updatedAt: Date; } | { ...; }'.
    Type '{ updatedAt: string; id: number; username: string; email: string; password: string; fullName: string | null; displayName: string | null; phoneNumber: string | null; avatarUrl: string | null; role: string; balance: string; createdAt: Date; }' is not assignable to type '{ id: number; username: string; email: string; password: string; fullName: string | null; displayName: string | null; phoneNumber: string | null; avatarUrl: string | null; role: string; balance: string; createdAt: string; updatedAt: string; }'.
      Types of property 'createdAt' are incompatible.
        Type 'Date' is not assignable to type 'string'.
../server/memory-storage.ts(117,5): error TS2322: Type '{ balance: string; updatedAt: string; id: number; username: string; email: string; password: string; fullName: string | null; displayName: string | null; phoneNumber: string | null; avatarUrl: string | null; role: string; createdAt: Date; } | { ...; }' is not assignable to type '{ id: number; username: string; email: string; password: string; fullName: string | null; displayName: string | null; phoneNumber: string | null; avatarUrl: string | null; role: string; balance: string; createdAt: Date; updatedAt: Date; } | { ...; }'.
  Type '{ balance: string; updatedAt: string; id: number; username: string; email: string; password: string; fullName: string | null; displayName: string | null; phoneNumber: string | null; avatarUrl: string | null; role: string; createdAt: Date; }' is not assignable to type '{ id: number; username: string; email: string; password: string; fullName: string | null; displayName: string | null; phoneNumber: string | null; avatarUrl: string | null; role: string; balance: string; createdAt: Date; updatedAt: Date; } | { ...; }'.
    Type '{ balance: string; updatedAt: string; id: number; username: string; email: string; password: string; fullName: string | null; displayName: string | null; phoneNumber: string | null; avatarUrl: string | null; role: string; createdAt: Date; }' is not assignable to type '{ id: number; username: string; email: string; password: string; fullName: string | null; displayName: string | null; phoneNumber: string | null; avatarUrl: string | null; role: string; balance: string; createdAt: string; updatedAt: string; }'.
      Types of property 'createdAt' are incompatible.
        Type 'Date' is not assignable to type 'string'.
../server/memory-storage.ts(153,15): error TS2322: Type '{ isDefault: false; updatedAt: string; id: number; createdAt: Date; userId: number; bankName: string; accountNumber: string; accountName: string; } | { isDefault: false; updatedAt: string; ... 5 more ...; accountName: string; }' is not assignable to type '{ id: number; createdAt: Date; updatedAt: Date; userId: number; bankName: string; accountNumber: string; accountName: string; isDefault: boolean; } | { id: number; createdAt: string; ... 5 more ...; isDefault: boolean; }'.
  Type '{ isDefault: false; updatedAt: string; id: number; createdAt: Date; userId: number; bankName: string; accountNumber: string; accountName: string; }' is not assignable to type '{ id: number; createdAt: Date; updatedAt: Date; userId: number; bankName: string; accountNumber: string; accountName: string; isDefault: boolean; } | { id: number; createdAt: string; ... 5 more ...; isDefault: boolean; }'.
    Type '{ isDefault: false; updatedAt: string; id: number; createdAt: Date; userId: number; bankName: string; accountNumber: string; accountName: string; }' is not assignable to type '{ id: number; createdAt: string; updatedAt: string; userId: number; bankName: string; accountNumber: string; accountName: string; isDefault: boolean; }'.
      Types of property 'createdAt' are incompatible.
        Type 'Date' is not assignable to type 'string'.
../server/memory-storage.ts(167,5): error TS2322: Type '{ isDefault: boolean; updatedAt: string; id: number; createdAt: Date; userId: number; bankName: string; accountNumber: string; accountName: string; } | { isDefault: boolean; updatedAt: string; ... 5 more ...; accountName: string; }' is not assignable to type '{ id: number; createdAt: Date; updatedAt: Date; userId: number; bankName: string; accountNumber: string; accountName: string; isDefault: boolean; } | { id: number; createdAt: string; ... 5 more ...; isDefault: boolean; }'.
  Type '{ isDefault: boolean; updatedAt: string; id: number; createdAt: Date; userId: number; bankName: string; accountNumber: string; accountName: string; }' is not assignable to type '{ id: number; createdAt: Date; updatedAt: Date; userId: number; bankName: string; accountNumber: string; accountName: string; isDefault: boolean; } | { id: number; createdAt: string; ... 5 more ...; isDefault: boolean; }'.
    Type '{ isDefault: boolean; updatedAt: string; id: number; createdAt: Date; userId: number; bankName: string; accountNumber: string; accountName: string; }' is not assignable to type '{ id: number; createdAt: string; updatedAt: string; userId: number; bankName: string; accountNumber: string; accountName: string; isDefault: boolean; }'.
      Types of property 'createdAt' are incompatible.
        Type 'Date' is not assignable to type 'string'.
../server/memory-storage.ts(176,9): error TS2393: Duplicate function implementation.
../server/memory-storage.ts(180,5): error TS2322: Type '{ updatedAt: string; id: number; createdAt: Date; userId: number; bankName: string; accountNumber: string; accountName: string; isDefault: boolean; } | { updatedAt: string; id: number; createdAt: string | Date; ... 4 more ...; isDefault: boolean; } | { ...; } | { ...; }' is not assignable to type '{ id: number; createdAt: Date; updatedAt: Date; userId: number; bankName: string; accountNumber: string; accountName: string; isDefault: boolean; } | { id: number; createdAt: string; ... 5 more ...; isDefault: boolean; }'.
  Type '{ updatedAt: string; id: number; createdAt: Date; userId: number; bankName: string; accountNumber: string; accountName: string; isDefault: boolean; }' is not assignable to type '{ id: number; createdAt: Date; updatedAt: Date; userId: number; bankName: string; accountNumber: string; accountName: string; isDefault: boolean; } | { id: number; createdAt: string; ... 5 more ...; isDefault: boolean; }'.
    Type '{ updatedAt: string; id: number; createdAt: Date; userId: number; bankName: string; accountNumber: string; accountName: string; isDefault: boolean; }' is not assignable to type '{ id: number; createdAt: string; updatedAt: string; userId: number; bankName: string; accountNumber: string; accountName: string; isDefault: boolean; }'.
      Types of property 'createdAt' are incompatible.
        Type 'Date' is not assignable to type 'string'.
../server/memory-storage.ts(203,11): error TS2322: Type '{ createdAt: Date; status: string; result: null; predeterminedResult: null; endTime: Date | null; userId: number; cryptoId: string; entryPrice: string; amount: string; direction: "up" | "down"; duration: number; profitPercentage: string; id: number; }' is not assignable to type '{ id: number; createdAt: Date; userId: number; cryptoId: string; entryPrice: string; amount: string; direction: string; duration: number; status: string; result: string | null; predeterminedResult: string | null; profitPercentage: string; closedAt: Date | null; endTime: Date | null; } | { ...; }'.
  Property 'closedAt' is missing in type '{ createdAt: Date; status: string; result: null; predeterminedResult: null; endTime: Date | null; userId: number; cryptoId: string; entryPrice: string; amount: string; direction: "up" | "down"; duration: number; profitPercentage: string; id: number; }' but required in type '{ id: number; createdAt: string; userId: number; cryptoId: string; entryPrice: string; amount: string; direction: string; duration: number; status: string; result: string | null; predeterminedResult: string | null; profitPercentage: string; closedAt: string | null; endTime: string | null; }'.
../server/memory-storage.ts(243,27): error TS2339: Property 'status' does not exist on type '{ userId: number; amount: string; type: "deposit" | "withdraw"; method?: string | undefined; bankName?: string | undefined; bankAccount?: string | undefined; paymentProof?: string | undefined; note?: string | undefined; }'.
../server/memory-storage.ts(268,5): error TS2322: Type '{ status: string; note: string | null; updatedAt: string; id: number; createdAt: Date; userId: number; amount: string; type: string; method: string | null; bankName: string | null; bankAccount: string | null; paymentProof: string | null; } | { ...; }' is not assignable to type '{ id: number; createdAt: Date; updatedAt: Date; userId: number; amount: string; status: string; type: string; method: string | null; bankName: string | null; bankAccount: string | null; paymentProof: string | null; note: string | null; } | { ...; }'.
  Type '{ status: string; note: string | null; updatedAt: string; id: number; createdAt: Date; userId: number; amount: string; type: string; method: string | null; bankName: string | null; bankAccount: string | null; paymentProof: string | null; }' is not assignable to type '{ id: number; createdAt: Date; updatedAt: Date; userId: number; amount: string; status: string; type: string; method: string | null; bankName: string | null; bankAccount: string | null; paymentProof: string | null; note: string | null; } | { ...; }'.
    Type '{ status: string; note: string | null; updatedAt: string; id: number; createdAt: Date; userId: number; amount: string; type: string; method: string | null; bankName: string | null; bankAccount: string | null; paymentProof: string | null; }' is not assignable to type '{ id: number; createdAt: string; updatedAt: string; userId: number; amount: string; status: string; type: string; method: string | null; bankName: string | null; bankAccount: string | null; paymentProof: string | null; note: string | null; }'.
      Types of property 'createdAt' are incompatible.
        Type 'Date' is not assignable to type 'string'.
../server/memory-storage.ts(297,9): error TS2393: Duplicate function implementation.
../server/memory-storage.ts(307,5): error TS2322: Type '{ updatedAt: string; id: number; createdAt: Date; userId: number; bankName: string; accountNumber: string; accountName: string; isDefault: boolean; } | { updatedAt: string; id: number; createdAt: string | Date; ... 4 more ...; isDefault: boolean; } | { ...; } | { ...; }' is not assignable to type '{ id: number; createdAt: Date; updatedAt: Date; userId: number; bankName: string; accountNumber: string; accountName: string; isDefault: boolean; } | { id: number; createdAt: string; ... 5 more ...; isDefault: boolean; }'.
  Type '{ updatedAt: string; id: number; createdAt: Date; userId: number; bankName: string; accountNumber: string; accountName: string; isDefault: boolean; }' is not assignable to type '{ id: number; createdAt: Date; updatedAt: Date; userId: number; bankName: string; accountNumber: string; accountName: string; isDefault: boolean; } | { id: number; createdAt: string; ... 5 more ...; isDefault: boolean; }'.
    Type '{ updatedAt: string; id: number; createdAt: Date; userId: number; bankName: string; accountNumber: string; accountName: string; isDefault: boolean; }' is not assignable to type '{ id: number; createdAt: string; updatedAt: string; userId: number; bankName: string; accountNumber: string; accountName: string; isDefault: boolean; }'.
      Types of property 'createdAt' are incompatible.
        Type 'Date' is not assignable to type 'string'.
../server/memory-storage.ts(308,5): error TS2322: Type '{ updatedAt: string; id: number; createdAt: Date; userId: number; bankName: string; accountNumber: string; accountName: string; isDefault: boolean; } | { updatedAt: string; id: number; createdAt: string | Date; ... 4 more ...; isDefault: boolean; } | { ...; } | { ...; }' is not assignable to type '{ id: number; createdAt: Date; updatedAt: Date; userId: number; bankName: string; accountNumber: string; accountName: string; isDefault: boolean; } | { id: number; createdAt: string; ... 5 more ...; isDefault: boolean; } | undefined'.
  Type '{ updatedAt: string; id: number; createdAt: Date; userId: number; bankName: string; accountNumber: string; accountName: string; isDefault: boolean; }' is not assignable to type '{ id: number; createdAt: Date; updatedAt: Date; userId: number; bankName: string; accountNumber: string; accountName: string; isDefault: boolean; } | { id: number; createdAt: string; ... 5 more ...; isDefault: boolean; } | undefined'.
    Type '{ updatedAt: string; id: number; createdAt: Date; userId: number; bankName: string; accountNumber: string; accountName: string; isDefault: boolean; }' is not assignable to type '{ id: number; createdAt: string; updatedAt: string; userId: number; bankName: string; accountNumber: string; accountName: string; isDefault: boolean; }'.
      Types of property 'createdAt' are incompatible.
        Type 'Date' is not assignable to type 'string'.
